// Vitest Snapshot v1, https://vitest.dev/guide/snapshot.html

exports[`it creates a @types package 1`] = `
{
  "author": "The Chromium Authors",
  "dependencies": {
    "@puppeteer/browsers": "1.4.3",
    "chromium-bidi": "0.4.16",
    "devtools-protocol": "0.0.1135028",
    "ws": "8.13.0",
  },
  "description": "A high-level API to control headless Chrome over the DevTools Protocol",
  "exports": {
    ".": {
      "types": "./lib/types.d.ts",
    },
  },
  "keywords": [
    "puppeteer",
    "chrome",
    "headless",
    "automation",
  ],
  "license": "Apache-2.0",
  "name": "@types/puppeteer-core",
  "type": "commonjs",
  "types": "./lib/types.d.ts",
  "version": "20.7.4",
}
`;
