// Vitest Snapshot v1, https://vitest.dev/guide/snapshot.html

exports[`it creates a @types package 1`] = `
{
  "author": {
    "name": "Microsoft Corporation",
  },
  "description": "A high-level API to automate web browsers",
  "exports": {
    ".": {
      "types": "./index.d.ts",
    },
    "./types/protocol": "./types/protocol.d.ts",
    "./types/structs": "./types/structs.d.ts",
  },
  "homepage": "https://playwright.dev",
  "license": "Apache-2.0",
  "name": "@types/playwright-core",
  "repository": "github:Microsoft/playwright",
  "types": "types/types.d.ts",
  "version": "1.35.1",
}
`;
